Archive member included to satisfy reference by file (symbol)

c:/st/stm32cubeide_1.3.0/stm32cubeide/plugins/com.st.stm32cube.ide.mcu.externaltools.gnu-tools-for-stm32.7-2018-q2-update.win32_1.5.0.202011040924/tools/bin/../lib/gcc/arm-none-eabi/7.3.1/../../../../arm-none-eabi/lib/thumb/v7-m\libc_nano.a(lib_a-errno.o)
                              Core/Src/syscalls.o (__errno)
c:/st/stm32cubeide_1.3.0/stm32cubeide/plugins/com.st.stm32cube.ide.mcu.externaltools.gnu-tools-for-stm32.7-2018-q2-update.win32_1.5.0.202011040924/tools/bin/../lib/gcc/arm-none-eabi/7.3.1/../../../../arm-none-eabi/lib/thumb/v7-m\libc_nano.a(lib_a-exit.o)
                              c:/st/stm32cubeide_1.3.0/stm32cubeide/plugins/com.st.stm32cube.ide.mcu.externaltools.gnu-tools-for-stm32.7-2018-q2-update.win32_1.5.0.202011040924/tools/bin/../lib/gcc/arm-none-eabi/7.3.1/../../../../arm-none-eabi/lib/thumb/v7-m/crt0.o (exit)
c:/st/stm32cubeide_1.3.0/stm32cubeide/plugins/com.st.stm32cube.ide.mcu.externaltools.gnu-tools-for-stm32.7-2018-q2-update.win32_1.5.0.202011040924/tools/bin/../lib/gcc/arm-none-eabi/7.3.1/../../../../arm-none-eabi/lib/thumb/v7-m\libc_nano.a(lib_a-impure.o)
                              c:/st/stm32cubeide_1.3.0/stm32cubeide/plugins/com.st.stm32cube.ide.mcu.externaltools.gnu-tools-for-stm32.7-2018-q2-update.win32_1.5.0.202011040924/tools/bin/../lib/gcc/arm-none-eabi/7.3.1/../../../../arm-none-eabi/lib/thumb/v7-m\libc_nano.a(lib_a-exit.o) (_global_impure_ptr)
c:/st/stm32cubeide_1.3.0/stm32cubeide/plugins/com.st.stm32cube.ide.mcu.externaltools.gnu-tools-for-stm32.7-2018-q2-update.win32_1.5.0.202011040924/tools/bin/../lib/gcc/arm-none-eabi/7.3.1/../../../../arm-none-eabi/lib/thumb/v7-m\libc_nano.a(lib_a-init.o)
                              c:/st/stm32cubeide_1.3.0/stm32cubeide/plugins/com.st.stm32cube.ide.mcu.externaltools.gnu-tools-for-stm32.7-2018-q2-update.win32_1.5.0.202011040924/tools/bin/../lib/gcc/arm-none-eabi/7.3.1/../../../../arm-none-eabi/lib/thumb/v7-m/crt0.o (__libc_init_array)
c:/st/stm32cubeide_1.3.0/stm32cubeide/plugins/com.st.stm32cube.ide.mcu.externaltools.gnu-tools-for-stm32.7-2018-q2-update.win32_1.5.0.202011040924/tools/bin/../lib/gcc/arm-none-eabi/7.3.1/../../../../arm-none-eabi/lib/thumb/v7-m\libc_nano.a(lib_a-memset.o)
                              c:/st/stm32cubeide_1.3.0/stm32cubeide/plugins/com.st.stm32cube.ide.mcu.externaltools.gnu-tools-for-stm32.7-2018-q2-update.win32_1.5.0.202011040924/tools/bin/../lib/gcc/arm-none-eabi/7.3.1/../../../../arm-none-eabi/lib/thumb/v7-m/crt0.o (memset)

Allocating common symbols
Common symbol       size              file

CMDE                0x1               Core/Src/main.o
DirD                0x2               Core/Src/main.o
Dist_Obst           0x4               Core/Src/main.o
_DirD               0x2               Core/Src/main.o
CVitG               0x2               Core/Src/main.o
htim4               0x48              Core/Src/tim.o
huart3              0x40              Core/Src/usart.o
VitG                0x2               Core/Src/main.o
Dist_ACS_3          0x2               Core/Src/main.o
DistG               0x2               Core/Src/main.o
uwTick              0x4               Drivers/STM32F1xx_HAL_Driver/Src/stm32f1xx_hal.o
pFlash              0x20              Drivers/STM32F1xx_HAL_Driver/Src/stm32f1xx_hal_flash.o
Dist_ACS_2          0x2               Core/Src/main.o
htim3               0x48              Core/Src/tim.o
Mode                0x1               Core/Src/main.o
hadc1               0x30              Core/Src/adc.o
Dist_Obst_          0x4               Core/Src/main.o
DistD               0x2               Core/Src/main.o
Dist_Obst_cm        0x4               Core/Src/main.o
_DirG               0x2               Core/Src/main.o
Buff_Dist           0x10              Core/Src/main.o
hdma_adc1           0x44              Core/Src/adc.o
adc_buffer          0x10              Core/Src/main.o
VitD                0x2               Core/Src/main.o
htim2               0x48              Core/Src/tim.o
DirG                0x2               Core/Src/main.o
BLUE_RX             0x1               Core/Src/main.o
CVitD               0x2               Core/Src/main.o
Dist_ACS_4          0x2               Core/Src/main.o
Dist                0x4               Core/Src/main.o
Dist_ACS_1          0x2               Core/Src/main.o

Discarded input sections

 .text          0x0000000000000000        0x0 c:/st/stm32cubeide_1.3.0/stm32cubeide/plugins/com.st.stm32cube.ide.mcu.externaltools.gnu-tools-for-stm32.7-2018-q2-update.win32_1.5.0.202011040924/tools/bin/../lib/gcc/arm-none-eabi/7.3.1/thumb/v7-m/crti.o
 .data          0x0000000000000000        0x0 c:/st/stm32cubeide_1.3.0/stm32cubeide/plugins/com.st.stm32cube.ide.mcu.externaltools.gnu-tools-for-stm32.7-2018-q2-update.win32_1.5.0.202011040924/tools/bin/../lib/gcc/arm-none-eabi/7.3.1/thumb/v7-m/crti.o
[...]
Memory Configuration

Name             Origin             Length             Attributes
RAM              0x0000000020000000 0x0000000000005000 xrw
FLASH            0x0000000008000000 0x0000000000020000 xr
*default*        0x0000000000000000 0xffffffffffffffff

Linker script and memory map

LOAD c:/st/stm32cubeide_1.3.0/stm32cubeide/plugins/com.st.stm32cube.ide.mcu.externaltools.gnu-tools-for-stm32.7-2018-q2-update.win32_1.5.0.202011040924/tools/bin/../lib/gcc/arm-none-eabi/7.3.1/thumb/v7-m/crti.o
LOAD c:/st/stm32cubeide_1.3.0/stm32cubeide/plugins/com.st.stm32cube.ide.mcu.externaltools.gnu-tools-for-stm32.7-2018-q2-update.win32_1.5.0.202011040924/tools/bin/../lib/gcc/arm-none-eabi/7.3.1/thumb/v7-m/crtbegin.o
LOAD c:/st/stm32cubeide_1.3.0/stm32cubeide/plugins/com.st.stm32cube.ide.mcu.externaltools.gnu-tools-for-stm32.7-2018-q2-update.win32_1.5.0.202011040924/tools/bin/../lib/gcc/arm-none-eabi/7.3.1/../../../../arm-none-eabi/lib/thumb/v7-m/crt0.o
LOAD Core/Src/adc.o
LOAD Core/Src/dma.o
LOAD Core/Src/gpio.o
LOAD Core/Src/main.o
LOAD Core/Src/stm32f1xx_hal_msp.o
LOAD Core/Src/stm32f1xx_it.o
LOAD Core/Src/syscalls.o
LOAD Core/Src/sysmem.o
LOAD Core/Src/system_stm32f1xx.o
LOAD Core/Src/tim.o
LOAD Core/Src/usart.o
LOAD Core/Startup/startup_stm32f103rbtx.o
LOAD Drivers/STM32F1xx_HAL_Driver/Src/stm32f1xx_hal.o
LOAD Drivers/STM32F1xx_HAL_Driver/Src/stm32f1xx_hal_adc.o
LOAD Drivers/STM32F1xx_HAL_Driver/Src/stm32f1xx_hal_adc_ex.o
LOAD Drivers/STM32F1xx_HAL_Driver/Src/stm32f1xx_hal_cortex.o
LOAD Drivers/STM32F1xx_HAL_Driver/Src/stm32f1xx_hal_dma.o
LOAD Drivers/STM32F1xx_HAL_Driver/Src/stm32f1xx_hal_exti.o
LOAD Drivers/STM32F1xx_HAL_Driver/Src/stm32f1xx_hal_flash.o
LOAD Drivers/STM32F1xx_HAL_Driver/Src/stm32f1xx_hal_flash_ex.o
LOAD Drivers/STM32F1xx_HAL_Driver/Src/stm32f1xx_hal_gpio.o
LOAD Drivers/STM32F1xx_HAL_Driver/Src/stm32f1xx_hal_gpio_ex.o
LOAD Drivers/STM32F1xx_HAL_Driver/Src/stm32f1xx_hal_pwr.o
LOAD Drivers/STM32F1xx_HAL_Driver/Src/stm32f1xx_hal_rcc.o
LOAD Drivers/STM32F1xx_HAL_Driver/Src/stm32f1xx_hal_rcc_ex.o
LOAD Drivers/STM32F1xx_HAL_Driver/Src/stm32f1xx_hal_tim.o
LOAD Drivers/STM32F1xx_HAL_Driver/Src/stm32f1xx_hal_tim_ex.o
LOAD Drivers/STM32F1xx_HAL_Driver/Src/stm32f1xx_hal_uart.o
START GROUP
LOAD c:/st/stm32cubeide_1.3.0/stm32cubeide/plugins/com.st.stm32cube.ide.mcu.externaltools.gnu-tools-for-stm32.7-2018-q2-update.win32_1.5.0.202011040924/tools/bin/../lib/gcc/arm-none-eabi/7.3.1/../../../../arm-none-eabi/lib/thumb/v7-m\libc_nano.a
LOAD c:/st/stm32cubeide_1.3.0/stm32cubeide/plugins/com.st.stm32cube.ide.mcu.externaltools.gnu-tools-for-stm32.7-2018-q2-update.win32_1.5.0.202011040924/tools/bin/../lib/gcc/arm-none-eabi/7.3.1/../../../../arm-none-eabi/lib/thumb/v7-m\libm.a
END GROUP
START GROUP
LOAD c:/st/stm32cubeide_1.3.0/stm32cubeide/plugins/com.st.stm32cube.ide.mcu.externaltools.gnu-tools-for-stm32.7-2018-q2-update.win32_1.5.0.202011040924/tools/bin/../lib/gcc/arm-none-eabi/7.3.1/thumb/v7-m\libgcc.a
LOAD c:/st/stm32cubeide_1.3.0/stm32cubeide/plugins/com.st.stm32cube.ide.mcu.externaltools.gnu-tools-for-stm32.7-2018-q2-update.win32_1.5.0.202011040924/tools/bin/../lib/gcc/arm-none-eabi/7.3.1/../../../../arm-none-eabi/lib/thumb/v7-m\libc_nano.a
END GROUP
START GROUP
LOAD c:/st/stm32cubeide_1.3.0/stm32cubeide/plugins/com.st.stm32cube.ide.mcu.externaltools.gnu-tools-for-stm32.7-2018-q2-update.win32_1.5.0.202011040924/tools/bin/../lib/gcc/arm-none-eabi/7.3.1/thumb/v7-m\libgcc.a
LOAD c:/st/stm32cubeide_1.3.0/stm32cubeide/plugins/com.st.stm32cube.ide.mcu.externaltools.gnu-tools-for-stm32.7-2018-q2-update.win32_1.5.0.202011040924/tools/bin/../lib/gcc/arm-none-eabi/7.3.1/../../../../arm-none-eabi/lib/thumb/v7-m\libc_nano.a
LOAD c:/st/stm32cubeide_1.3.0/stm32cubeide/plugins/com.st.stm32cube.ide.mcu.externaltools.gnu-tools-for-stm32.7-2018-q2-update.win32_1.5.0.202011040924/tools/bin/../lib/gcc/arm-none-eabi/7.3.1/../../../../arm-none-eabi/lib/thumb/v7-m\libnosys.a
END GROUP
START GROUP
LOAD c:/st/stm32cubeide_1.3.0/stm32cubeide/plugins/com.st.stm32cube.ide.mcu.externaltools.gnu-tools-for-stm32.7-2018-q2-update.win32_1.5.0.202011040924/tools/bin/../lib/gcc/arm-none-eabi/7.3.1/thumb/v7-m\libgcc.a
LOAD c:/st/stm32cubeide_1.3.0/stm32cubeide/plugins/com.st.stm32cube.ide.mcu.externaltools.gnu-tools-for-stm32.7-2018-q2-update.win32_1.5.0.202011040924/tools/bin/../lib/gcc/arm-none-eabi/7.3.1/../../../../arm-none-eabi/lib/thumb/v7-m\libc_nano.a
LOAD c:/st/stm32cubeide_1.3.0/stm32cubeide/plugins/com.st.stm32cube.ide.mcu.externaltools.gnu-tools-for-stm32.7-2018-q2-update.win32_1.5.0.202011040924/tools/bin/../lib/gcc/arm-none-eabi/7.3.1/../../../../arm-none-eabi/lib/thumb/v7-m\libnosys.a
END GROUP
LOAD c:/st/stm32cubeide_1.3.0/stm32cubeide/plugins/com.st.stm32cube.ide.mcu.externaltools.gnu-tools-for-stm32.7-2018-q2-update.win32_1.5.0.202011040924/tools/bin/../lib/gcc/arm-none-eabi/7.3.1/thumb/v7-m/crtend.o
LOAD c:/st/stm32cubeide_1.3.0/stm32cubeide/plugins/com.st.stm32cube.ide.mcu.externaltools.gnu-tools-for-stm32.7-2018-q2-update.win32_1.5.0.202011040924/tools/bin/../lib/gcc/arm-none-eabi/7.3.1/thumb/v7-m/crtn.o
                0x0000000020005000                _estack = (ORIGIN (RAM) + LENGTH (RAM))
                0x0000000000000200                _Min_Heap_Size = 0x200
                0x0000000000000400                _Min_Stack_Size = 0x400

.isr_vector     0x0000000008000000      0x10c
                0x0000000008000000                . = ALIGN (0x4)
 *(.isr_vector)
 .isr_vector    0x0000000008000000      0x10c Core/Startup/startup_stm32f103rbtx.o
                0x0000000008000000                g_pfnVectors
                0x000000000800010c                . = ALIGN (0x4)

.text           0x000000000800010c     0x55b8
                0x000000000800010c                . = ALIGN (0x4)
 *(.text)
 .text          0x000000000800010c       0x40 c:/st/stm32cubeide_1.3.0/stm32cubeide/plugins/com.st.stm32cube.ide.mcu.externaltools.gnu-tools-for-stm32.7-2018-q2-update.win32_1.5.0.202011040924/tools/bin/../lib/gcc/arm-none-eabi/7.3.1/thumb/v7-m/crtbegin.o
 *(.text*)
 .text.MX_ADC1_Init
                0x000000000800014c       0xd4 Core/Src/adc.o
                0x000000000800014c                MX_ADC1_Init
 .text.HAL_ADC_MspInit
                0x0000000008000220      0x100 Core/Src/adc.o
                0x0000000008000220                HAL_ADC_MspInit
 .text.MX_DMA_Init
                0x0000000008000320       0x3c Core/Src/dma.o
                0x0000000008000320                MX_DMA_Init
 .text.MX_GPIO_Init
                0x000000000800035c      0x19c Core/Src/gpio.o
                0x000000000800035c                MX_GPIO_Init
 .text.main     0x00000000080004f8       0x9c Core/Src/main.o
                0x00000000080004f8                main
 .text.SystemClock_Config
                0x0000000008000594       0xae Core/Src/main.o
                0x0000000008000594                SystemClock_Config
 .text.MX_NVIC_Init
                0x0000000008000642       0x28 Core/Src/main.o
 *fill*         0x000000000800066a        0x2 
 .text.Gestion_Commandes
                0x000000000800066c      0xa10 Core/Src/main.o
                0x000000000800066c                Gestion_Commandes
 .text.controle
                0x000000000800107c       0x28 Core/Src/main.o
                0x000000000800107c                controle
 .text.ACS      0x00000000080010a4      0x31c Core/Src/main.o
                0x00000000080010a4                ACS
 .text.Calcul_Vit
                0x00000000080013c0       0xc4 Core/Src/main.o
                0x00000000080013c0                Calcul_Vit
 .text.regulateur
                0x0000000008001484      0x2dc Core/Src/main.o
                0x0000000008001484                regulateur
 .text.HAL_UART_RxCpltCallback
                0x0000000008001760       0xb8 Core/Src/main.o
                0x0000000008001760                HAL_UART_RxCpltCallback
 .text.HAL_ADC_ConvCpltCallback
                0x0000000008001818       0x6c Core/Src/main.o
                0x0000000008001818                HAL_ADC_ConvCpltCallback
 .text.HAL_TIM_PeriodElapsedCallback
                0x0000000008001884      0x100 Core/Src/main.o
                0x0000000008001884                HAL_TIM_PeriodElapsedCallback
 .text.HAL_GPIO_EXTI_Callback
                0x0000000008001984       0x48 Core/Src/main.o
                0x0000000008001984                HAL_GPIO_EXTI_Callback
 .text.Error_Handler
                0x00000000080019cc        0xc Core/Src/main.o
                0x00000000080019cc                Error_Handler
 .text.HAL_MspInit
                0x00000000080019d8       0x64 Core/Src/stm32f1xx_hal_msp.o
                0x00000000080019d8                HAL_MspInit
 .text.SysTick_Handler
                0x0000000008001a3c        0xc Core/Src/stm32f1xx_it.o
                0x0000000008001a3c                SysTick_Handler
 .text.DMA1_Channel1_IRQHandler
                0x0000000008001a48       0x14 Core/Src/stm32f1xx_it.o
                0x0000000008001a48                DMA1_Channel1_IRQHandler
 .text.TIM2_IRQHandler
                0x0000000008001a5c       0x14 Core/Src/stm32f1xx_it.o
                0x0000000008001a5c                TIM2_IRQHandler
 .text.USART3_IRQHandler
                0x0000000008001a70       0x14 Core/Src/stm32f1xx_it.o
                0x0000000008001a70                USART3_IRQHandler
 .text.EXTI15_10_IRQHandler
                0x0000000008001a84       0x10 Core/Src/stm32f1xx_it.o
                0x0000000008001a84                EXTI15_10_IRQHandler
 .text.SystemInit
                0x0000000008001a94       0x68 Core/Src/system_stm32f1xx.o
                0x0000000008001a94                SystemInit
 .text.MX_TIM2_Init
                0x0000000008001afc      0x100 Core/Src/tim.o
                0x0000000008001afc                MX_TIM2_Init
 .text.MX_TIM3_Init
                0x0000000008001bfc       0xa8 Core/Src/tim.o
                0x0000000008001bfc                MX_TIM3_Init
 .text.MX_TIM4_Init
                0x0000000008001ca4       0xa8 Core/Src/tim.o
                0x0000000008001ca4                MX_TIM4_Init
 .text.HAL_TIM_Base_MspInit
                0x0000000008001d4c       0x48 Core/Src/tim.o
                0x0000000008001d4c                HAL_TIM_Base_MspInit
 .text.HAL_TIM_Encoder_MspInit
                0x0000000008001d94       0xfc Core/Src/tim.o
                0x0000000008001d94                HAL_TIM_Encoder_MspInit
 .text.HAL_TIM_MspPostInit
                0x0000000008001e90       0xc0 Core/Src/tim.o
                0x0000000008001e90                HAL_TIM_MspPostInit
 .text.MX_USART3_UART_Init
                0x0000000008001f50       0x54 Core/Src/usart.o
                0x0000000008001f50                MX_USART3_UART_Init
 .text.HAL_UART_MspInit
                0x0000000008001fa4       0xc0 Core/Src/usart.o
                0x0000000008001fa4                HAL_UART_MspInit
 .text.Reset_Handler
                0x0000000008002064       0x48 Core/Startup/startup_stm32f103rbtx.o
                0x0000000008002064                Reset_Handler
 .text.Default_Handler
                0x00000000080020ac        0x2 Core/Startup/startup_stm32f103rbtx.o
                0x00000000080020ac                RTC_Alarm_IRQHandler
                0x00000000080020ac                EXTI2_IRQHandler
                0x00000000080020ac                DebugMon_Handler
                0x00000000080020ac                TIM1_CC_IRQHandler
                0x00000000080020ac                HardFault_Handler
                0x00000000080020ac                PVD_IRQHandler
                0x00000000080020ac                PendSV_Handler
                0x00000000080020ac                NMI_Handler
                0x00000000080020ac                EXTI3_IRQHandler
                0x00000000080020ac                EXTI0_IRQHandler
                0x00000000080020ac                I2C2_EV_IRQHandler
                0x00000000080020ac                UsageFault_Handler
                0x00000000080020ac                ADC1_2_IRQHandler
                0x00000000080020ac                SPI1_IRQHandler
                0x00000000080020ac                TAMPER_IRQHandler
                0x00000000080020ac                DMA1_Channel4_IRQHandler
                0x00000000080020ac                RTC_IRQHandler
                0x00000000080020ac                DMA1_Channel7_IRQHandler
                0x00000000080020ac                CAN1_RX1_IRQHandler
                0x00000000080020ac                TIM4_IRQHandler
                0x00000000080020ac                I2C1_EV_IRQHandler
                0x00000000080020ac                DMA1_Channel6_IRQHandler
                0x00000000080020ac                TIM3_IRQHandler
                0x00000000080020ac                RCC_IRQHandler
                0x00000000080020ac                TIM1_TRG_COM_IRQHandler
                0x00000000080020ac                Default_Handler
                0x00000000080020ac                EXTI9_5_IRQHandler
                0x00000000080020ac                SPI2_IRQHandler
                0x00000000080020ac                MemManage_Handler
                0x00000000080020ac                SVC_Handler
                0x00000000080020ac                DMA1_Channel5_IRQHandler
                0x00000000080020ac                EXTI4_IRQHandler
                0x00000000080020ac                USB_LP_CAN1_RX0_IRQHandler
                0x00000000080020ac                USB_HP_CAN1_TX_IRQHandler
                0x00000000080020ac                DMA1_Channel3_IRQHandler
                0x00000000080020ac                TIM1_UP_IRQHandler
                0x00000000080020ac                WWDG_IRQHandler
                0x00000000080020ac                TIM1_BRK_IRQHandler
                0x00000000080020ac                EXTI1_IRQHandler
                0x00000000080020ac                USART2_IRQHandler
                0x00000000080020ac                I2C2_ER_IRQHandler
                0x00000000080020ac                DMA1_Channel2_IRQHandler
                0x00000000080020ac                CAN1_SCE_IRQHandler
                0x00000000080020ac                FLASH_IRQHandler
                0x00000000080020ac                BusFault_Handler
                0x00000000080020ac                USART1_IRQHandler
                0x00000000080020ac                I2C1_ER_IRQHandler
                0x00000000080020ac                USBWakeUp_IRQHandler
 *fill*         0x00000000080020ae        0x2 
 .text.HAL_Init
                0x00000000080020b0       0x2c Drivers/STM32F1xx_HAL_Driver/Src/stm32f1xx_hal.o
                0x00000000080020b0                HAL_Init
 .text.HAL_InitTick
                0x00000000080020dc       0x60 Drivers/STM32F1xx_HAL_Driver/Src/stm32f1xx_hal.o
                0x00000000080020dc                HAL_InitTick
 .text.HAL_IncTick
                0x000000000800213c       0x24 Drivers/STM32F1xx_HAL_Driver/Src/stm32f1xx_hal.o
                0x000000000800213c                HAL_IncTick
 .text.HAL_GetTick
                0x0000000008002160       0x14 Drivers/STM32F1xx_HAL_Driver/Src/stm32f1xx_hal.o
                0x0000000008002160                HAL_GetTick
 .text.HAL_SuspendTick
                0x0000000008002174       0x1c Drivers/STM32F1xx_HAL_Driver/Src/stm32f1xx_hal.o
                0x0000000008002174                HAL_SuspendTick
 .text.HAL_ADC_Init
                0x0000000008002190      0x1b0 Drivers/STM32F1xx_HAL_Driver/Src/stm32f1xx_hal_adc.o
                0x0000000008002190                HAL_ADC_Init
 .text.HAL_ADC_Start_DMA
                0x0000000008002340      0x1bc Drivers/STM32F1xx_HAL_Driver/Src/stm32f1xx_hal_adc.o
                0x0000000008002340                HAL_ADC_Start_DMA
 .text.HAL_ADC_Stop_DMA
                0x00000000080024fc       0x96 Drivers/STM32F1xx_HAL_Driver/Src/stm32f1xx_hal_adc.o
                0x00000000080024fc                HAL_ADC_Stop_DMA
 .text.HAL_ADC_ConvHalfCpltCallback
                0x0000000008002592       0x12 Drivers/STM32F1xx_HAL_Driver/Src/stm32f1xx_hal_adc.o
                0x0000000008002592                HAL_ADC_ConvHalfCpltCallback
 .text.HAL_ADC_ErrorCallback
                0x00000000080025a4       0x12 Drivers/STM32F1xx_HAL_Driver/Src/stm32f1xx_hal_adc.o
                0x00000000080025a4                HAL_ADC_ErrorCallback
 *fill*         0x00000000080025b6        0x2 
 .text.HAL_ADC_ConfigChannel
                0x00000000080025b8      0x1f0 Drivers/STM32F1xx_HAL_Driver/Src/stm32f1xx_hal_adc.o
                0x00000000080025b8                HAL_ADC_ConfigChannel
 .text.ADC_Enable
                0x00000000080027a8       0xa4 Drivers/STM32F1xx_HAL_Driver/Src/stm32f1xx_hal_adc.o
                0x00000000080027a8                ADC_Enable
 .text.ADC_ConversionStop_Disable
                0x000000000800284c       0x74 Drivers/STM32F1xx_HAL_Driver/Src/stm32f1xx_hal_adc.o
                0x000000000800284c                ADC_ConversionStop_Disable
 .text.ADC_DMAConvCplt
                0x00000000080028c0       0x7c Drivers/STM32F1xx_HAL_Driver/Src/stm32f1xx_hal_adc.o
                0x00000000080028c0                ADC_DMAConvCplt
 .text.ADC_DMAHalfConvCplt
                0x000000000800293c       0x1c Drivers/STM32F1xx_HAL_Driver/Src/stm32f1xx_hal_adc.o
                0x000000000800293c                ADC_DMAHalfConvCplt
 .text.ADC_DMAError
                0x0000000008002958       0x34 Drivers/STM32F1xx_HAL_Driver/Src/stm32f1xx_hal_adc.o
                0x0000000008002958                ADC_DMAError
 .text.__NVIC_SetPriorityGrouping
                0x000000000800298c       0x48 Drivers/STM32F1xx_HAL_Driver/Src/stm32f1xx_hal_cortex.o
 .text.__NVIC_GetPriorityGrouping
                0x00000000080029d4       0x1c Drivers/STM32F1xx_HAL_Driver/Src/stm32f1xx_hal_cortex.o
 .text.__NVIC_EnableIRQ
                0x00000000080029f0       0x38 Drivers/STM32F1xx_HAL_Driver/Src/stm32f1xx_hal_cortex.o
 .text.__NVIC_SetPriority
                0x0000000008002a28       0x54 Drivers/STM32F1xx_HAL_Driver/Src/stm32f1xx_hal_cortex.o
 .text.NVIC_EncodePriority
                0x0000000008002a7c       0x64 Drivers/STM32F1xx_HAL_Driver/Src/stm32f1xx_hal_cortex.o
 .text.SysTick_Config
                0x0000000008002ae0       0x44 Drivers/STM32F1xx_HAL_Driver/Src/stm32f1xx_hal_cortex.o
 .text.HAL_NVIC_SetPriorityGrouping
                0x0000000008002b24       0x16 Drivers/STM32F1xx_HAL_Driver/Src/stm32f1xx_hal_cortex.o
                0x0000000008002b24                HAL_NVIC_SetPriorityGrouping
 .text.HAL_NVIC_SetPriority
                0x0000000008002b3a       0x38 Drivers/STM32F1xx_HAL_Driver/Src/stm32f1xx_hal_cortex.o
                0x0000000008002b3a                HAL_NVIC_SetPriority
 .text.HAL_NVIC_EnableIRQ
                0x0000000008002b72       0x1c Drivers/STM32F1xx_HAL_Driver/Src/stm32f1xx_hal_cortex.o
                0x0000000008002b72                HAL_NVIC_EnableIRQ
 .text.HAL_SYSTICK_Config
                0x0000000008002b8e       0x18 Drivers/STM32F1xx_HAL_Driver/Src/stm32f1xx_hal_cortex.o
                0x0000000008002b8e                HAL_SYSTICK_Config
 *fill*         0x0000000008002ba6        0x2 
 .text.HAL_DMA_Init
                0x0000000008002ba8       0xb4 Drivers/STM32F1xx_HAL_Driver/Src/stm32f1xx_hal_dma.o
                0x0000000008002ba8                HAL_DMA_Init
 .text.HAL_DMA_Start_IT
                0x0000000008002c5c       0xbe Drivers/STM32F1xx_HAL_Driver/Src/stm32f1xx_hal_dma.o
                0x0000000008002c5c                HAL_DMA_Start_IT
 .text.HAL_DMA_Abort
                0x0000000008002d1a       0x74 Drivers/STM32F1xx_HAL_Driver/Src/stm32f1xx_hal_dma.o
                0x0000000008002d1a                HAL_DMA_Abort
 *fill*         0x0000000008002d8e        0x2 
 .text.HAL_DMA_Abort_IT
                0x0000000008002d90       0xec Drivers/STM32F1xx_HAL_Driver/Src/stm32f1xx_hal_dma.o
                0x0000000008002d90                HAL_DMA_Abort_IT
 .text.HAL_DMA_IRQHandler
                0x0000000008002e7c      0x20c Drivers/STM32F1xx_HAL_Driver/Src/stm32f1xx_hal_dma.o
                0x0000000008002e7c                HAL_DMA_IRQHandler
 .text.DMA_SetConfig
                0x0000000008003088       0x5a Drivers/STM32F1xx_HAL_Driver/Src/stm32f1xx_hal_dma.o
 *fill*         0x00000000080030e2        0x2 
 .text.HAL_GPIO_Init
                0x00000000080030e4      0x2b4 Drivers/STM32F1xx_HAL_Driver/Src/stm32f1xx_hal_gpio.o
                0x00000000080030e4                HAL_GPIO_Init
 .text.HAL_GPIO_WritePin
                0x0000000008003398       0x30 Drivers/STM32F1xx_HAL_Driver/Src/stm32f1xx_hal_gpio.o
                0x0000000008003398                HAL_GPIO_WritePin
 .text.HAL_GPIO_EXTI_IRQHandler
                0x00000000080033c8       0x30 Drivers/STM32F1xx_HAL_Driver/Src/stm32f1xx_hal_gpio.o
                0x00000000080033c8                HAL_GPIO_EXTI_IRQHandler
 .text.HAL_PWR_EnterSLEEPMode
                0x00000000080033f8       0x38 Drivers/STM32F1xx_HAL_Driver/Src/stm32f1xx_hal_pwr.o
                0x00000000080033f8                HAL_PWR_EnterSLEEPMode
 .text.HAL_RCC_OscConfig
                0x0000000008003430      0x500 Drivers/STM32F1xx_HAL_Driver/Src/stm32f1xx_hal_rcc.o
                0x0000000008003430                HAL_RCC_OscConfig
 .text.HAL_RCC_ClockConfig
                0x0000000008003930      0x1d4 Drivers/STM32F1xx_HAL_Driver/Src/stm32f1xx_hal_rcc.o
                0x0000000008003930                HAL_RCC_ClockConfig
 .text.HAL_RCC_GetSysClockFreq
                0x0000000008003b04       0xc4 Drivers/STM32F1xx_HAL_Driver/Src/stm32f1xx_hal_rcc.o
                0x0000000008003b04                HAL_RCC_GetSysClockFreq
 .text.HAL_RCC_GetHCLKFreq
                0x0000000008003bc8       0x14 Drivers/STM32F1xx_HAL_Driver/Src/stm32f1xx_hal_rcc.o
                0x0000000008003bc8                HAL_RCC_GetHCLKFreq
 .text.HAL_RCC_GetPCLK1Freq
                0x0000000008003bdc       0x28 Drivers/STM32F1xx_HAL_Driver/Src/stm32f1xx_hal_rcc.o
                0x0000000008003bdc                HAL_RCC_GetPCLK1Freq
 .text.HAL_RCC_GetPCLK2Freq
                0x0000000008003c04       0x28 Drivers/STM32F1xx_HAL_Driver/Src/stm32f1xx_hal_rcc.o
                0x0000000008003c04                HAL_RCC_GetPCLK2Freq
 .text.RCC_Delay
                0x0000000008003c2c       0x3c Drivers/STM32F1xx_HAL_Driver/Src/stm32f1xx_hal_rcc.o
 .text.HAL_RCCEx_PeriphCLKConfig
                0x0000000008003c68      0x16c Drivers/STM32F1xx_HAL_Driver/Src/stm32f1xx_hal_rcc_ex.o
                0x0000000008003c68                HAL_RCCEx_PeriphCLKConfig
 .text.HAL_TIM_Base_Init
                0x0000000008003dd4       0x9e Drivers/STM32F1xx_HAL_Driver/Src/stm32f1xx_hal_tim.o
                0x0000000008003dd4                HAL_TIM_Base_Init
 *fill*         0x0000000008003e72        0x2 
 .text.HAL_TIM_Base_Start_IT
                0x0000000008003e74       0xa4 Drivers/STM32F1xx_HAL_Driver/Src/stm32f1xx_hal_tim.o
                0x0000000008003e74                HAL_TIM_Base_Start_IT
 .text.HAL_TIM_PWM_Init
                0x0000000008003f18       0x9e Drivers/STM32F1xx_HAL_Driver/Src/stm32f1xx_hal_tim.o
                0x0000000008003f18                HAL_TIM_PWM_Init
 .text.HAL_TIM_PWM_MspInit
                0x0000000008003fb6       0x12 Drivers/STM32F1xx_HAL_Driver/Src/stm32f1xx_hal_tim.o
                0x0000000008003fb6                HAL_TIM_PWM_MspInit
 .text.HAL_TIM_PWM_Start
                0x0000000008003fc8      0x144 Drivers/STM32F1xx_HAL_Driver/Src/stm32f1xx_hal_tim.o
                0x0000000008003fc8                HAL_TIM_PWM_Start
 .text.HAL_TIM_PWM_Stop
                0x000000000800410c       0xc8 Drivers/STM32F1xx_HAL_Driver/Src/stm32f1xx_hal_tim.o
                0x000000000800410c                HAL_TIM_PWM_Stop
 .text.HAL_TIM_Encoder_Init
                0x00000000080041d4      0x144 Drivers/STM32F1xx_HAL_Driver/Src/stm32f1xx_hal_tim.o
                0x00000000080041d4                HAL_TIM_Encoder_Init
 .text.HAL_TIM_Encoder_Start
                0x0000000008004318      0x11a Drivers/STM32F1xx_HAL_Driver/Src/stm32f1xx_hal_tim.o
                0x0000000008004318                HAL_TIM_Encoder_Start
 .text.HAL_TIM_IRQHandler
                0x0000000008004432      0x210 Drivers/STM32F1xx_HAL_Driver/Src/stm32f1xx_hal_tim.o
                0x0000000008004432                HAL_TIM_IRQHandler
 *fill*         0x0000000008004642        0x2 
 .text.HAL_TIM_PWM_ConfigChannel
                0x0000000008004644      0x17c Drivers/STM32F1xx_HAL_Driver/Src/stm32f1xx_hal_tim.o
                0x0000000008004644                HAL_TIM_PWM_ConfigChannel
 .text.HAL_TIM_ConfigClockSource
                0x00000000080047c0      0x16e Drivers/STM32F1xx_HAL_Driver/Src/stm32f1xx_hal_tim.o
                0x00000000080047c0                HAL_TIM_ConfigClockSource
 .text.HAL_TIM_OC_DelayElapsedCallback
                0x000000000800492e       0x12 Drivers/STM32F1xx_HAL_Driver/Src/stm32f1xx_hal_tim.o
                0x000000000800492e                HAL_TIM_OC_DelayElapsedCallback
 .text.HAL_TIM_IC_CaptureCallback
                0x0000000008004940       0x12 Drivers/STM32F1xx_HAL_Driver/Src/stm32f1xx_hal_tim.o
                0x0000000008004940                HAL_TIM_IC_CaptureCallback
 .text.HAL_TIM_PWM_PulseFinishedCallback
                0x0000000008004952       0x12 Drivers/STM32F1xx_HAL_Driver/Src/stm32f1xx_hal_tim.o
                0x0000000008004952                HAL_TIM_PWM_PulseFinishedCallback
 .text.HAL_TIM_TriggerCallback
                0x0000000008004964       0x12 Drivers/STM32F1xx_HAL_Driver/Src/stm32f1xx_hal_tim.o
                0x0000000008004964                HAL_TIM_TriggerCallback
 *fill*         0x0000000008004976        0x2 
 .text.TIM_Base_SetConfig
                0x0000000008004978       0xc4 Drivers/STM32F1xx_HAL_Driver/Src/stm32f1xx_hal_tim.o
                0x0000000008004978                TIM_Base_SetConfig
 .text.TIM_OC1_SetConfig
                0x0000000008004a3c       0xcc Drivers/STM32F1xx_HAL_Driver/Src/stm32f1xx_hal_tim.o
 .text.TIM_OC2_SetConfig
                0x0000000008004b08       0xd4 Drivers/STM32F1xx_HAL_Driver/Src/stm32f1xx_hal_tim.o
                0x0000000008004b08                TIM_OC2_SetConfig
 .text.TIM_OC3_SetConfig
                0x0000000008004bdc       0xd4 Drivers/STM32F1xx_HAL_Driver/Src/stm32f1xx_hal_tim.o
 .text.TIM_OC4_SetConfig
                0x0000000008004cb0       0x9c Drivers/STM32F1xx_HAL_Driver/Src/stm32f1xx_hal_tim.o
 .text.TIM_TI1_ConfigInputStage
                0x0000000008004d4c       0x5c Drivers/STM32F1xx_HAL_Driver/Src/stm32f1xx_hal_tim.o
 .text.TIM_TI2_ConfigInputStage
                0x0000000008004da8       0x5e Drivers/STM32F1xx_HAL_Driver/Src/stm32f1xx_hal_tim.o
 .text.TIM_ITRx_SetConfig
                0x0000000008004e06       0x34 Drivers/STM32F1xx_HAL_Driver/Src/stm32f1xx_hal_tim.o
 .text.TIM_ETR_SetConfig
                0x0000000008004e3a       0x3e Drivers/STM32F1xx_HAL_Driver/Src/stm32f1xx_hal_tim.o
                0x0000000008004e3a                TIM_ETR_SetConfig
 .text.TIM_CCxChannelCmd
                0x0000000008004e78       0x48 Drivers/STM32F1xx_HAL_Driver/Src/stm32f1xx_hal_tim.o
                0x0000000008004e78                TIM_CCxChannelCmd
 .text.HAL_TIMEx_MasterConfigSynchronization
                0x0000000008004ec0       0xbc Drivers/STM32F1xx_HAL_Driver/Src/stm32f1xx_hal_tim_ex.o
                0x0000000008004ec0                HAL_TIMEx_MasterConfigSynchronization
 .text.HAL_TIMEx_CommutCallback
                0x0000000008004f7c       0x12 Drivers/STM32F1xx_HAL_Driver/Src/stm32f1xx_hal_tim_ex.o
                0x0000000008004f7c                HAL_TIMEx_CommutCallback
 .text.HAL_TIMEx_BreakCallback
                0x0000000008004f8e       0x12 Drivers/STM32F1xx_HAL_Driver/Src/stm32f1xx_hal_tim_ex.o
                0x0000000008004f8e                HAL_TIMEx_BreakCallback
 .text.HAL_UART_Init
                0x0000000008004fa0       0x9a Drivers/STM32F1xx_HAL_Driver/Src/stm32f1xx_hal_uart.o
                0x0000000008004fa0                HAL_UART_Init
 .text.HAL_UART_Receive_IT
                0x000000000800503a       0xa8 Drivers/STM32F1xx_HAL_Driver/Src/stm32f1xx_hal_uart.o
                0x000000000800503a                HAL_UART_Receive_IT
 *fill*         0x00000000080050e2        0x2 
 .text.HAL_UART_IRQHandler
                0x00000000080050e4      0x200 Drivers/STM32F1xx_HAL_Driver/Src/stm32f1xx_hal_uart.o
                0x00000000080050e4                HAL_UART_IRQHandler
 .text.HAL_UART_TxCpltCallback
                0x00000000080052e4       0x12 Drivers/STM32F1xx_HAL_Driver/Src/stm32f1xx_hal_uart.o
                0x00000000080052e4                HAL_UART_TxCpltCallback
 .text.HAL_UART_ErrorCallback
                0x00000000080052f6       0x12 Drivers/STM32F1xx_HAL_Driver/Src/stm32f1xx_hal_uart.o
                0x00000000080052f6                HAL_UART_ErrorCallback
 .text.UART_EndRxTransfer
                0x0000000008005308       0x3a Drivers/STM32F1xx_HAL_Driver/Src/stm32f1xx_hal_uart.o
 .text.UART_DMAAbortOnError
                0x0000000008005342       0x28 Drivers/STM32F1xx_HAL_Driver/Src/stm32f1xx_hal_uart.o
 .text.UART_Transmit_IT
                0x000000000800536a       0x9e Drivers/STM32F1xx_HAL_Driver/Src/stm32f1xx_hal_uart.o
 .text.UART_EndTransmit_IT
                0x0000000008005408       0x30 Drivers/STM32F1xx_HAL_Driver/Src/stm32f1xx_hal_uart.o
 .text.UART_Receive_IT
                0x0000000008005438      0x100 Drivers/STM32F1xx_HAL_Driver/Src/stm32f1xx_hal_uart.o
 .text.UART_SetConfig
                0x0000000008005538      0x11c Drivers/STM32F1xx_HAL_Driver/Src/stm32f1xx_hal_uart.o
 .text.__libc_init_array
                0x0000000008005654       0x48 c:/st/stm32cubeide_1.3.0/stm32cubeide/plugins/com.st.stm32cube.ide.mcu.externaltools.gnu-tools-for-stm32.7-2018-q2-update.win32_1.5.0.202011040924/tools/bin/../lib/gcc/arm-none-eabi/7.3.1/../../../../arm-none-eabi/lib/thumb/v7-m\libc_nano.a(lib_a-init.o)
                0x0000000008005654                __libc_init_array
 .text.memset   0x000000000800569c       0x10 c:/st/stm32cubeide_1.3.0/stm32cubeide/plugins/com.st.stm32cube.ide.mcu.externaltools.gnu-tools-for-stm32.7-2018-q2-update.win32_1.5.0.202011040924/tools/bin/../lib/gcc/arm-none-eabi/7.3.1/../../../../arm-none-eabi/lib/thumb/v7-m\libc_nano.a(lib_a-memset.o)
                0x000000000800569c                memset
 *(.glue_7)
 .glue_7        0x00000000080056ac        0x0 linker stubs
 *(.glue_7t)
 .glue_7t       0x00000000080056ac        0x0 linker stubs
 *(.eh_frame)
 .eh_frame      0x00000000080056ac        0x0 c:/st/stm32cubeide_1.3.0/stm32cubeide/plugins/com.st.stm32cube.ide.mcu.externaltools.gnu-tools-for-stm32.7-2018-q2-update.win32_1.5.0.202011040924/tools/bin/../lib/gcc/arm-none-eabi/7.3.1/thumb/v7-m/crtbegin.o
 *(.init)
 .init          0x00000000080056ac        0x4 c:/st/stm32cubeide_1.3.0/stm32cubeide/plugins/com.st.stm32cube.ide.mcu.externaltools.gnu-tools-for-stm32.7-2018-q2-update.win32_1.5.0.202011040924/tools/bin/../lib/gcc/arm-none-eabi/7.3.1/thumb/v7-m/crti.o
                0x00000000080056ac                _init
 .init          0x00000000080056b0        0x8 c:/st/stm32cubeide_1.3.0/stm32cubeide/plugins/com.st.stm32cube.ide.mcu.externaltools.gnu-tools-for-stm32.7-2018-q2-update.win32_1.5.0.202011040924/tools/bin/../lib/gcc/arm-none-eabi/7.3.1/thumb/v7-m/crtn.o
 *(.fini)
 .fini          0x00000000080056b8        0x4 c:/st/stm32cubeide_1.3.0/stm32cubeide/plugins/com.st.stm32cube.ide.mcu.externaltools.gnu-tools-for-stm32.7-2018-q2-update.win32_1.5.0.202011040924/tools/bin/../lib/gcc/arm-none-eabi/7.3.1/thumb/v7-m/crti.o
                0x00000000080056b8                _fini
 .fini          0x00000000080056bc        0x8 c:/st/stm32cubeide_1.3.0/stm32cubeide/plugins/com.st.stm32cube.ide.mcu.externaltools.gnu-tools-for-stm32.7-2018-q2-update.win32_1.5.0.202011040924/tools/bin/../lib/gcc/arm-none-eabi/7.3.1/thumb/v7-m/crtn.o
                0x00000000080056c4                . = ALIGN (0x4)
                0x00000000080056c4                _etext = .

.vfp11_veneer   0x00000000080056c4        0x0
 .vfp11_veneer  0x00000000080056c4        0x0 linker stubs

.v4_bx          0x00000000080056c4        0x0
 .v4_bx         0x00000000080056c4        0x0 linker stubs

.iplt           0x00000000080056c4        0x0
 .iplt          0x00000000080056c4        0x0 c:/st/stm32cubeide_1.3.0/stm32cubeide/plugins/com.st.stm32cube.ide.mcu.externaltools.gnu-tools-for-stm32.7-2018-q2-update.win32_1.5.0.202011040924/tools/bin/../lib/gcc/arm-none-eabi/7.3.1/thumb/v7-m/crtbegin.o

.rodata         0x00000000080056c4       0x2c
                0x00000000080056c4                . = ALIGN (0x4)
 *(.rodata)
 .rodata        0x00000000080056c4       0x12 Drivers/STM32F1xx_HAL_Driver/Src/stm32f1xx_hal_rcc.o
 *(.rodata*)
 *fill*         0x00000000080056d6        0x2 
 .rodata.AHBPrescTable
                0x00000000080056d8       0x10 Core/Src/system_stm32f1xx.o
                0x00000000080056d8                AHBPrescTable
 .rodata.APBPrescTable
                0x00000000080056e8        0x8 Core/Src/system_stm32f1xx.o
                0x00000000080056e8                APBPrescTable
                0x00000000080056f0                . = ALIGN (0x4)

.rel.dyn        0x00000000080056f0        0x0
 .rel.iplt      0x00000000080056f0        0x0 c:/st/stm32cubeide_1.3.0/stm32cubeide/plugins/com.st.stm32cube.ide.mcu.externaltools.gnu-tools-for-stm32.7-2018-q2-update.win32_1.5.0.202011040924/tools/bin/../lib/gcc/arm-none-eabi/7.3.1/thumb/v7-m/crtbegin.o

.ARM.extab      0x00000000080056f0        0x0
                0x00000000080056f0                . = ALIGN (0x4)
 *(.ARM.extab* .gnu.linkonce.armextab.*)
                0x00000000080056f0                . = ALIGN (0x4)

.ARM            0x00000000080056f0        0x0
                0x00000000080056f0                . = ALIGN (0x4)
                0x00000000080056f0                __exidx_start = .
 *(.ARM.exidx*)
                0x00000000080056f0                __exidx_end = .
                0x00000000080056f0                . = ALIGN (0x4)

.preinit_array  0x00000000080056f0        0x0
                0x00000000080056f0                . = ALIGN (0x4)
                0x00000000080056f0                PROVIDE (__preinit_array_start = .)
 *(.preinit_array*)
                0x00000000080056f0                PROVIDE (__preinit_array_end = .)
                0x00000000080056f0                . = ALIGN (0x4)

.init_array     0x00000000080056f0        0x4
                0x00000000080056f0                . = ALIGN (0x4)
                0x00000000080056f0                PROVIDE (__init_array_start = .)
 *(SORT_BY_NAME(.init_array.*))
 *(.init_array*)
 .init_array    0x00000000080056f0        0x4 c:/st/stm32cubeide_1.3.0/stm32cubeide/plugins/com.st.stm32cube.ide.mcu.externaltools.gnu-tools-for-stm32.7-2018-q2-update.win32_1.5.0.202011040924/tools/bin/../lib/gcc/arm-none-eabi/7.3.1/thumb/v7-m/crtbegin.o
                0x00000000080056f4                PROVIDE (__init_array_end = .)
                0x00000000080056f4                . = ALIGN (0x4)

.fini_array     0x00000000080056f4        0x4
                0x00000000080056f4                . = ALIGN (0x4)
                [!provide]                        PROVIDE (__fini_array_start = .)
 *(SORT_BY_NAME(.fini_array.*))
 *(.fini_array*)
 .fini_array    0x00000000080056f4        0x4 c:/st/stm32cubeide_1.3.0/stm32cubeide/plugins/com.st.stm32cube.ide.mcu.externaltools.gnu-tools-for-stm32.7-2018-q2-update.win32_1.5.0.202011040924/tools/bin/../lib/gcc/arm-none-eabi/7.3.1/thumb/v7-m/crtbegin.o
                [!provide]                        PROVIDE (__fini_array_end = .)
                0x00000000080056f8                . = ALIGN (0x4)
                0x00000000080056f8                _sidata = LOADADDR (.data)

.data           0x0000000020000000        0xc load address 0x00000000080056f8
                0x0000000020000000                . = ALIGN (0x4)
                0x0000000020000000                _sdata = .
 *(.data)
 *(.data*)
 .data.SystemCoreClock
                0x0000000020000000        0x4 Core/Src/system_stm32f1xx.o
                0x0000000020000000                SystemCoreClock
 .data.uwTickPrio
                0x0000000020000004        0x4 Drivers/STM32F1xx_HAL_Driver/Src/stm32f1xx_hal.o
                0x0000000020000004                uwTickPrio
 .data.uwTickFreq
                0x0000000020000008        0x1 Drivers/STM32F1xx_HAL_Driver/Src/stm32f1xx_hal.o
                0x0000000020000008                uwTickFreq
                0x000000002000000c                . = ALIGN (0x4)
 *fill*         0x0000000020000009        0x3 
                0x000000002000000c                _edata = .

.igot.plt       0x000000002000000c        0x0 load address 0x0000000008005704
 .igot.plt      0x000000002000000c        0x0 c:/st/stm32cubeide_1.3.0/stm32cubeide/plugins/com.st.stm32cube.ide.mcu.externaltools.gnu-tools-for-stm32.7-2018-q2-update.win32_1.5.0.202011040924/tools/bin/../lib/gcc/arm-none-eabi/7.3.1/thumb/v7-m/crtbegin.o
                0x000000002000000c                . = ALIGN (0x4)

.bss            0x000000002000000c      0x248 load address 0x0000000008005704
                0x000000002000000c                _sbss = .
                0x000000002000000c                __bss_start__ = _sbss
 *(.bss)
 .bss           0x000000002000000c       0x1c c:/st/stm32cubeide_1.3.0/stm32cubeide/plugins/com.st.stm32cube.ide.mcu.externaltools.gnu-tools-for-stm32.7-2018-q2-update.win32_1.5.0.202011040924/tools/bin/../lib/gcc/arm-none-eabi/7.3.1/thumb/v7-m/crtbegin.o
 *(.bss*)
 .bss.New_CMDE  0x0000000020000028        0x1 Core/Src/main.o
                0x0000000020000028                New_CMDE
 *fill*         0x0000000020000029        0x3 
 .bss.Time      0x000000002000002c        0x4 Core/Src/main.o
                0x000000002000002c                Time
 .bss.Tech      0x0000000020000030        0x4 Core/Src/main.o
                0x0000000020000030                Tech
 .bss._CVitD    0x0000000020000034        0x2 Core/Src/main.o
                0x0000000020000034                _CVitD
 .bss._CVitG    0x0000000020000036        0x2 Core/Src/main.o
                0x0000000020000036                _CVitG
 .bss.DistD_old
                0x0000000020000038        0x2 Core/Src/main.o
                0x0000000020000038                DistD_old
 .bss.DistG_old
                0x000000002000003a        0x2 Core/Src/main.o
                0x000000002000003a                DistG_old
 .bss.Cmde_VitD
                0x000000002000003c        0x4 Core/Src/main.o
                0x000000002000003c                Cmde_VitD
 .bss.Cmde_VitG
                0x0000000020000040        0x4 Core/Src/main.o
                0x0000000020000040                Cmde_VitG
 .bss.Dist_parcours
                0x0000000020000044        0x4 Core/Src/main.o
                0x0000000020000044                Dist_parcours
 .bss.Etat.7704
                0x0000000020000048        0x1 Core/Src/main.o
 .bss.Etat.7781
                0x0000000020000049        0x1 Core/Src/main.o
 .bss.Delta1.7782
                0x000000002000004a        0x2 Core/Src/main.o
 .bss.Delta2.7783
                0x000000002000004c        0x2 Core/Src/main.o
 .bss.Delta3.7784
                0x000000002000004e        0x2 Core/Src/main.o
 .bss.Delta4.7785
                0x0000000020000050        0x2 Core/Src/main.o
 .bss.Etat.7798
                0x0000000020000052        0x1 Core/Src/main.o
 *fill*         0x0000000020000053        0x1 
 .bss.ErreurD.7805
                0x0000000020000054        0x2 Core/Src/main.o
 .bss.ErreurG.7806
                0x0000000020000056        0x2 Core/Src/main.o
 .bss.S_erreursD.7809
                0x0000000020000058        0x2 Core/Src/main.o
 .bss.S_erreursG.7810
                0x000000002000005a        0x2 Core/Src/main.o
 .bss.ErreurD_old.7807
                0x000000002000005c        0x2 Core/Src/main.o
 .bss.V_erreurD.7811
                0x000000002000005e        0x2 Core/Src/main.o
 .bss.ErreurG_old.7808
                0x0000000020000060        0x2 Core/Src/main.o
 .bss.V_erreurG.7812
                0x0000000020000062        0x2 Core/Src/main.o
 .bss.cpt.7832  0x0000000020000064        0x1 Core/Src/main.o
 .bss.TOGGLE.7842
                0x0000000020000065        0x1 Core/Src/main.o
 *(COMMON)
 *fill*         0x0000000020000066        0x2 
 COMMON         0x0000000020000068       0x74 Core/Src/adc.o
                0x0000000020000068                hadc1
                0x0000000020000098                hdma_adc1
 COMMON         0x00000000200000dc       0x5a Core/Src/main.o
                0x00000000200000dc                CMDE
                0x00000000200000de                DirD
                0x00000000200000e0                Dist_Obst
                0x00000000200000e4                _DirD
                0x00000000200000e6                CVitG
                0x00000000200000e8                VitG
                0x00000000200000ea                Dist_ACS_3
                0x00000000200000ec                DistG
                0x00000000200000ee                Dist_ACS_2
                0x00000000200000f0                Mode
                0x00000000200000f4                Dist_Obst_
                0x00000000200000f8                DistD
                0x00000000200000fc                Dist_Obst_cm
                0x0000000020000100                _DirG
                0x0000000020000104                Buff_Dist
                0x0000000020000114                adc_buffer
                0x0000000020000124                VitD
                0x0000000020000126                DirG
                0x0000000020000128                BLUE_RX
                0x000000002000012a                CVitD
                0x000000002000012c                Dist_ACS_4
                0x0000000020000130                Dist
                0x0000000020000134                Dist_ACS_1
 *fill*         0x0000000020000136        0x2 
 COMMON         0x0000000020000138       0xd8 Core/Src/tim.o
                0x0000000020000138                htim4
                0x0000000020000180                htim3
                0x00000000200001c8                htim2
 COMMON         0x0000000020000210       0x40 Core/Src/usart.o
                0x0000000020000210                huart3
 COMMON         0x0000000020000250        0x4 Drivers/STM32F1xx_HAL_Driver/Src/stm32f1xx_hal.o
                0x0000000020000250                uwTick
                0x0000000020000254                . = ALIGN (0x4)
                0x0000000020000254                _ebss = .
                0x0000000020000254                __bss_end__ = _ebss

._user_heap_stack
                0x0000000020000254      0x604 load address 0x0000000008005704
                0x0000000020000258                . = ALIGN (0x8)
 *fill*         0x0000000020000254        0x4 
                [!provide]                        PROVIDE (end = .)
                0x0000000020000258                PROVIDE (_end = .)
                0x0000000020000458                . = (. + _Min_Heap_Size)
 *fill*         0x0000000020000258      0x200 
                0x0000000020000858                . = (. + _Min_Stack_Size)
 *fill*         0x0000000020000458      0x400 
                0x0000000020000858                . = ALIGN (0x8)

/DISCARD/
 libc.a(*)
 libm.a(*)
 libgcc.a(*)

.ARM.attributes
                0x0000000000000000       0x29
 *(.ARM.attributes)
 .ARM.attributes
                0x0000000000000000       0x1d c:/st/stm32cubeide_1.3.0/stm32cubeide/plugins/com.st.stm32cube.ide.mcu.externaltools.gnu-tools-for-stm32.7-2018-q2-update.win32_1.5.0.202011040924/tools/bin/../lib/gcc/arm-none-eabi/7.3.1/thumb/v7-m/crti.o
 .ARM.attributes
                0x000000000000001d       0x2d c:/st/stm32cubeide_1.3.0/stm32cubeide/plugins/com.st.stm32cube.ide.mcu.externaltools.gnu-tools-for-stm32.7-2018-q2-update.win32_1.5.0.202011040924/tools/bin/../lib/gcc/arm-none-eabi/7.3.1/thumb/v7-m/crtbegin.o
 .ARM.attributes
                0x000000000000004a       0x33 Core/Src/adc.o
 .ARM.attributes
                0x000000000000007d       0x33 Core/Src/dma.o
 .ARM.attributes
                0x00000000000000b0       0x33 Core/Src/gpio.o
 .ARM.attributes
                0x00000000000000e3       0x33 Core/Src/main.o
 .ARM.attributes
                0x0000000000000116       0x33 Core/Src/stm32f1xx_hal_msp.o
 .ARM.attributes
                0x0000000000000149       0x33 Core/Src/stm32f1xx_it.o
 .ARM.attributes
                0x000000000000017c       0x33 Core/Src/system_stm32f1xx.o
 .ARM.attributes
                0x00000000000001af       0x33 Core/Src/tim.o
 .ARM.attributes
                0x00000000000001e2       0x33 Core/Src/usart.o
 .ARM.attributes
                0x0000000000000215       0x21 Core/Startup/startup_stm32f103rbtx.o
 .ARM.attributes
                0x0000000000000236       0x33 Drivers/STM32F1xx_HAL_Driver/Src/stm32f1xx_hal.o
 .ARM.attributes
                0x0000000000000269       0x33 Drivers/STM32F1xx_HAL_Driver/Src/stm32f1xx_hal_adc.o
 .ARM.attributes
                0x000000000000029c       0x33 Drivers/STM32F1xx_HAL_Driver/Src/stm32f1xx_hal_cortex.o
 .ARM.attributes
                0x00000000000002cf       0x33 Drivers/STM32F1xx_HAL_Driver/Src/stm32f1xx_hal_dma.o
 .ARM.attributes
                0x0000000000000302       0x33 Drivers/STM32F1xx_HAL_Driver/Src/stm32f1xx_hal_gpio.o
 .ARM.attributes
                0x0000000000000335       0x33 Drivers/STM32F1xx_HAL_Driver/Src/stm32f1xx_hal_pwr.o
 .ARM.attributes
                0x0000000000000368       0x33 Drivers/STM32F1xx_HAL_Driver/Src/stm32f1xx_hal_rcc.o
 .ARM.attributes
                0x000000000000039b       0x33 Drivers/STM32F1xx_HAL_Driver/Src/stm32f1xx_hal_rcc_ex.o
 .ARM.attributes
                0x00000000000003ce       0x33 Drivers/STM32F1xx_HAL_Driver/Src/stm32f1xx_hal_tim.o
 .ARM.attributes
                0x0000000000000401       0x33 Drivers/STM32F1xx_HAL_Driver/Src/stm32f1xx_hal_tim_ex.o
 .ARM.attributes
                0x0000000000000434       0x33 Drivers/STM32F1xx_HAL_Driver/Src/stm32f1xx_hal_uart.o
 .ARM.attributes
                0x0000000000000467       0x2d c:/st/stm32cubeide_1.3.0/stm32cubeide/plugins/com.st.stm32cube.ide.mcu.externaltools.gnu-tools-for-stm32.7-2018-q2-update.win32_1.5.0.202011040924/tools/bin/../lib/gcc/arm-none-eabi/7.3.1/../../../../arm-none-eabi/lib/thumb/v7-m\libc_nano.a(lib_a-init.o)
 .ARM.attributes
                0x0000000000000494       0x2d c:/st/stm32cubeide_1.3.0/stm32cubeide/plugins/com.st.stm32cube.ide.mcu.externaltools.gnu-tools-for-stm32.7-2018-q2-update.win32_1.5.0.202011040924/tools/bin/../lib/gcc/arm-none-eabi/7.3.1/../../../../arm-none-eabi/lib/thumb/v7-m\libc_nano.a(lib_a-memset.o)
 .ARM.attributes
                0x00000000000004c1       0x1d c:/st/stm32cubeide_1.3.0/stm32cubeide/plugins/com.st.stm32cube.ide.mcu.externaltools.gnu-tools-for-stm32.7-2018-q2-update.win32_1.5.0.202011040924/tools/bin/../lib/gcc/arm-none-eabi/7.3.1/thumb/v7-m/crtn.o
OUTPUT(Robot_F103RB.elf elf32-littlearm)

.debug_info     0x0000000000000000     0xe140
 .debug_info    0x0000000000000000      0x826 Core/Src/adc.o
 .debug_info    0x0000000000000826      0x378 Core/Src/dma.o
 .debug_info    0x0000000000000b9e      0x379 Core/Src/gpio.o
 .debug_info    0x0000000000000f17     0x1cc7 Core/Src/main.o
 .debug_info    0x0000000000002bde      0x2d6 Core/Src/stm32f1xx_hal_msp.o
 .debug_info    0x0000000000002eb4      0x910 Core/Src/stm32f1xx_it.o
 .debug_info    0x00000000000037c4      0x43e Core/Src/system_stm32f1xx.o
 .debug_info    0x0000000000003c02      0xdd0 Core/Src/tim.o
 .debug_info    0x00000000000049d2      0x981 Core/Src/usart.o
 .debug_info    0x0000000000005353       0x22 Core/Startup/startup_stm32f103rbtx.o
 .debug_info    0x0000000000005375      0x714 Drivers/STM32F1xx_HAL_Driver/Src/stm32f1xx_hal.o
 .debug_info    0x0000000000005a89      0xc6c Drivers/STM32F1xx_HAL_Driver/Src/stm32f1xx_hal_adc.o
 .debug_info    0x00000000000066f5      0xb51 Drivers/STM32F1xx_HAL_Driver/Src/stm32f1xx_hal_cortex.o
 .debug_info    0x0000000000007246      0x7b1 Drivers/STM32F1xx_HAL_Driver/Src/stm32f1xx_hal_dma.o
 .debug_info    0x00000000000079f7      0x69b Drivers/STM32F1xx_HAL_Driver/Src/stm32f1xx_hal_gpio.o
 .debug_info    0x0000000000008092      0x6e2 Drivers/STM32F1xx_HAL_Driver/Src/stm32f1xx_hal_pwr.o
 .debug_info    0x0000000000008774      0x80f Drivers/STM32F1xx_HAL_Driver/Src/stm32f1xx_hal_rcc.o
 .debug_info    0x0000000000008f83      0x444 Drivers/STM32F1xx_HAL_Driver/Src/stm32f1xx_hal_rcc_ex.o
 .debug_info    0x00000000000093c7     0x27ef Drivers/STM32F1xx_HAL_Driver/Src/stm32f1xx_hal_tim.o
 .debug_info    0x000000000000bbb6     0x136f Drivers/STM32F1xx_HAL_Driver/Src/stm32f1xx_hal_tim_ex.o
 .debug_info    0x000000000000cf25     0x121b Drivers/STM32F1xx_HAL_Driver/Src/stm32f1xx_hal_uart.o

.debug_abbrev   0x0000000000000000     0x2488
 .debug_abbrev  0x0000000000000000      0x1aa Core/Src/adc.o
 .debug_abbrev  0x00000000000001aa      0x107 Core/Src/dma.o
 .debug_abbrev  0x00000000000002b1      0x134 Core/Src/gpio.o
 .debug_abbrev  0x00000000000003e5      0x313 Core/Src/main.o
 .debug_abbrev  0x00000000000006f8      0x109 Core/Src/stm32f1xx_hal_msp.o
 .debug_abbrev  0x0000000000000801      0x142 Core/Src/stm32f1xx_it.o
 .debug_abbrev  0x0000000000000943      0x134 Core/Src/system_stm32f1xx.o
 .debug_abbrev  0x0000000000000a77      0x1dc Core/Src/tim.o
 .debug_abbrev  0x0000000000000c53      0x1a2 Core/Src/usart.o
 .debug_abbrev  0x0000000000000df5       0x12 Core/Startup/startup_stm32f103rbtx.o
 .debug_abbrev  0x0000000000000e07      0x1c7 Drivers/STM32F1xx_HAL_Driver/Src/stm32f1xx_hal.o
 .debug_abbrev  0x0000000000000fce      0x1d5 Drivers/STM32F1xx_HAL_Driver/Src/stm32f1xx_hal_adc.o
 .debug_abbrev  0x00000000000011a3      0x2d5 Drivers/STM32F1xx_HAL_Driver/Src/stm32f1xx_hal_cortex.o
 .debug_abbrev  0x0000000000001478      0x1fe Drivers/STM32F1xx_HAL_Driver/Src/stm32f1xx_hal_dma.o
 .debug_abbrev  0x0000000000001676      0x1c0 Drivers/STM32F1xx_HAL_Driver/Src/stm32f1xx_hal_gpio.o
 .debug_abbrev  0x0000000000001836      0x1f2 Drivers/STM32F1xx_HAL_Driver/Src/stm32f1xx_hal_pwr.o
 .debug_abbrev  0x0000000000001a28      0x243 Drivers/STM32F1xx_HAL_Driver/Src/stm32f1xx_hal_rcc.o
 .debug_abbrev  0x0000000000001c6b      0x175 Drivers/STM32F1xx_HAL_Driver/Src/stm32f1xx_hal_rcc_ex.o
 .debug_abbrev  0x0000000000001de0      0x230 Drivers/STM32F1xx_HAL_Driver/Src/stm32f1xx_hal_tim.o
 .debug_abbrev  0x0000000000002010      0x236 Drivers/STM32F1xx_HAL_Driver/Src/stm32f1xx_hal_tim_ex.o
 .debug_abbrev  0x0000000000002246      0x242 Drivers/STM32F1xx_HAL_Driver/Src/stm32f1xx_hal_uart.o

.debug_aranges  0x0000000000000000      0xe40
 .debug_aranges
                0x0000000000000000       0x30 Core/Src/adc.o
 .debug_aranges
                0x0000000000000030       0x20 Core/Src/dma.o
 .debug_aranges
                0x0000000000000050       0x20 Core/Src/gpio.o
 .debug_aranges
                0x0000000000000070       0x80 Core/Src/main.o
 .debug_aranges
                0x00000000000000f0       0x20 Core/Src/stm32f1xx_hal_msp.o
 .debug_aranges
                0x0000000000000110       0x40 Core/Src/stm32f1xx_it.o
 .debug_aranges
                0x0000000000000150       0x28 Core/Src/system_stm32f1xx.o
 .debug_aranges
                0x0000000000000178       0x58 Core/Src/tim.o
 .debug_aranges
                0x00000000000001d0       0x30 Core/Src/usart.o
 .debug_aranges
                0x0000000000000200       0x28 Core/Startup/startup_stm32f103rbtx.o
 .debug_aranges
                0x0000000000000228       0xe0 Drivers/STM32F1xx_HAL_Driver/Src/stm32f1xx_hal.o
 .debug_aranges
                0x0000000000000308       0xf0 Drivers/STM32F1xx_HAL_Driver/Src/stm32f1xx_hal_adc.o
 .debug_aranges
                0x00000000000003f8      0x100 Drivers/STM32F1xx_HAL_Driver/Src/stm32f1xx_hal_cortex.o
 .debug_aranges
                0x00000000000004f8       0x80 Drivers/STM32F1xx_HAL_Driver/Src/stm32f1xx_hal_dma.o
 .debug_aranges
                0x0000000000000578       0x58 Drivers/STM32F1xx_HAL_Driver/Src/stm32f1xx_hal_gpio.o
 .debug_aranges
                0x00000000000005d0       0xa8 Drivers/STM32F1xx_HAL_Driver/Src/stm32f1xx_hal_pwr.o
 .debug_aranges
                0x0000000000000678       0x90 Drivers/STM32F1xx_HAL_Driver/Src/stm32f1xx_hal_rcc.o
 .debug_aranges
                0x0000000000000708       0x30 Drivers/STM32F1xx_HAL_Driver/Src/stm32f1xx_hal_rcc_ex.o
 .debug_aranges
                0x0000000000000738      0x3d0 Drivers/STM32F1xx_HAL_Driver/Src/stm32f1xx_hal_tim.o
 .debug_aranges
                0x0000000000000b08      0x168 Drivers/STM32F1xx_HAL_Driver/Src/stm32f1xx_hal_tim_ex.o
 .debug_aranges
                0x0000000000000c70      0x1d0 Drivers/STM32F1xx_HAL_Driver/Src/stm32f1xx_hal_uart.o

.debug_ranges   0x0000000000000000      0xcf8
 .debug_ranges  0x0000000000000000       0x20 Core/Src/adc.o
 .debug_ranges  0x0000000000000020       0x10 Core/Src/dma.o
 .debug_ranges  0x0000000000000030       0x10 Core/Src/gpio.o
 .debug_ranges  0x0000000000000040       0x70 Core/Src/main.o
 .debug_ranges  0x00000000000000b0       0x10 Core/Src/stm32f1xx_hal_msp.o
 .debug_ranges  0x00000000000000c0       0x30 Core/Src/stm32f1xx_it.o
 .debug_ranges  0x00000000000000f0       0x18 Core/Src/system_stm32f1xx.o
 .debug_ranges  0x0000000000000108       0x48 Core/Src/tim.o
 .debug_ranges  0x0000000000000150       0x20 Core/Src/usart.o
 .debug_ranges  0x0000000000000170       0x20 Core/Startup/startup_stm32f103rbtx.o
 .debug_ranges  0x0000000000000190       0xd0 Drivers/STM32F1xx_HAL_Driver/Src/stm32f1xx_hal.o
 .debug_ranges  0x0000000000000260       0xe0 Drivers/STM32F1xx_HAL_Driver/Src/stm32f1xx_hal_adc.o
 .debug_ranges  0x0000000000000340       0xf0 Drivers/STM32F1xx_HAL_Driver/Src/stm32f1xx_hal_cortex.o
 .debug_ranges  0x0000000000000430       0x70 Drivers/STM32F1xx_HAL_Driver/Src/stm32f1xx_hal_dma.o
 .debug_ranges  0x00000000000004a0       0x48 Drivers/STM32F1xx_HAL_Driver/Src/stm32f1xx_hal_gpio.o
 .debug_ranges  0x00000000000004e8       0x98 Drivers/STM32F1xx_HAL_Driver/Src/stm32f1xx_hal_pwr.o
 .debug_ranges  0x0000000000000580       0x80 Drivers/STM32F1xx_HAL_Driver/Src/stm32f1xx_hal_rcc.o
 .debug_ranges  0x0000000000000600       0x20 Drivers/STM32F1xx_HAL_Driver/Src/stm32f1xx_hal_rcc_ex.o
 .debug_ranges  0x0000000000000620      0x3c0 Drivers/STM32F1xx_HAL_Driver/Src/stm32f1xx_hal_tim.o
 .debug_ranges  0x00000000000009e0      0x158 Drivers/STM32F1xx_HAL_Driver/Src/stm32f1xx_hal_tim_ex.o
 .debug_ranges  0x0000000000000b38      0x1c0 Drivers/STM32F1xx_HAL_Driver/Src/stm32f1xx_hal_uart.o

.debug_macro    0x0000000000000000    0x18f32
 .debug_macro   0x0000000000000000      0x1d0 Core/Src/adc.o
 .debug_macro   0x00000000000001d0      0xa5a Core/Src/adc.o
 .debug_macro   0x0000000000000c2a      0x227 Core/Src/adc.o
 .debug_macro   0x0000000000000e51       0x2e Core/Src/adc.o
 .debug_macro   0x0000000000000e7f       0x22 Core/Src/adc.o
 .debug_macro   0x0000000000000ea1       0x22 Core/Src/adc.o
 .debug_macro   0x0000000000000ec3       0x8e Core/Src/adc.o
 .debug_macro   0x0000000000000f51       0x51 Core/Src/adc.o
 .debug_macro   0x0000000000000fa2       0xef Core/Src/adc.o
 .debug_macro   0x0000000000001091       0x6a Core/Src/adc.o
 .debug_macro   0x00000000000010fb      0x1df Core/Src/adc.o
 .debug_macro   0x00000000000012da       0x1c Core/Src/adc.o
 .debug_macro   0x00000000000012f6       0x22 Core/Src/adc.o
 .debug_macro   0x0000000000001318       0xc3 Core/Src/adc.o
 .debug_macro   0x00000000000013db      0xd23 Core/Src/adc.o
 .debug_macro   0x00000000000020fe     0xe097 Core/Src/adc.o
 .debug_macro   0x0000000000010195       0x43 Core/Src/adc.o
 .debug_macro   0x00000000000101d8     0x3468 Core/Src/adc.o
 .debug_macro   0x0000000000013640      0x174 Core/Src/adc.o
 .debug_macro   0x00000000000137b4       0x5c Core/Src/adc.o
 .debug_macro   0x0000000000013810      0x5be Core/Src/adc.o
 .debug_macro   0x0000000000013dce      0x289 Core/Src/adc.o
 .debug_macro   0x0000000000014057      0x1cb Core/Src/adc.o
 .debug_macro   0x0000000000014222      0x114 Core/Src/adc.o
 .debug_macro   0x0000000000014336      0x1b2 Core/Src/adc.o
 .debug_macro   0x00000000000144e8       0x27 Core/Src/adc.o
 .debug_macro   0x000000000001450f      0x136 Core/Src/adc.o
 .debug_macro   0x0000000000014645      0x1bc Core/Src/adc.o
 .debug_macro   0x0000000000014801       0x34 Core/Src/adc.o
 .debug_macro   0x0000000000014835       0x3c Core/Src/adc.o
 .debug_macro   0x0000000000014871       0x57 Core/Src/adc.o
 .debug_macro   0x00000000000148c8      0x46a Core/Src/adc.o
 .debug_macro   0x0000000000014d32      0x1b5 Core/Src/adc.o
 .debug_macro   0x0000000000014ee7       0x88 Core/Src/adc.o
 .debug_macro   0x0000000000014f6f      0x241 Core/Src/adc.o
 .debug_macro   0x00000000000151b0      0x141 Core/Src/adc.o
 .debug_macro   0x00000000000152f1      0x8d1 Core/Src/adc.o
 .debug_macro   0x0000000000015bc2      0x26b Core/Src/adc.o
 .debug_macro   0x0000000000015e2d       0x83 Core/Src/adc.o
 .debug_macro   0x0000000000015eb0      0x136 Core/Src/adc.o
 .debug_macro   0x0000000000015fe6      0x1d0 Core/Src/dma.o
 .debug_macro   0x00000000000161b6      0x1d0 Core/Src/gpio.o
 .debug_macro   0x0000000000016386      0x3fe Core/Src/main.o
 .debug_macro   0x0000000000016784       0x18 Core/Src/main.o
 .debug_macro   0x000000000001679c       0x46 Core/Src/main.o
 .debug_macro   0x00000000000167e2       0x3c Core/Src/main.o
 .debug_macro   0x000000000001681e       0x34 Core/Src/main.o
 .debug_macro   0x0000000000016852       0x16 Core/Src/main.o
 .debug_macro   0x0000000000016868       0x35 Core/Src/main.o
 .debug_macro   0x000000000001689d       0x52 Core/Src/main.o
 .debug_macro   0x00000000000168ef       0x1f Core/Src/main.o
 .debug_macro   0x000000000001690e       0x43 Core/Src/main.o
 .debug_macro   0x0000000000016951       0x20 Core/Src/main.o
 .debug_macro   0x0000000000016971      0x1a3 Core/Src/main.o
 .debug_macro   0x0000000000016b14      0x32a Core/Src/main.o
 .debug_macro   0x0000000000016e3e       0x16 Core/Src/main.o
 .debug_macro   0x0000000000016e54       0x29 Core/Src/main.o
 .debug_macro   0x0000000000016e7d       0x1c Core/Src/main.o
 .debug_macro   0x0000000000016e99       0x10 Core/Src/main.o
 .debug_macro   0x0000000000016ea9       0x10 Core/Src/main.o
 .debug_macro   0x0000000000016eb9       0x1c Core/Src/main.o
 .debug_macro   0x0000000000016ed5       0x52 Core/Src/main.o
 .debug_macro   0x0000000000016f27       0x40 Core/Src/main.o
 .debug_macro   0x0000000000016f67       0x10 Core/Src/main.o
 .debug_macro   0x0000000000016f77       0x40 Core/Src/main.o
 .debug_macro   0x0000000000016fb7       0xd7 Core/Src/main.o
 .debug_macro   0x000000000001708e       0x1c Core/Src/main.o
 .debug_macro   0x00000000000170aa       0x3d Core/Src/main.o
 .debug_macro   0x00000000000170e7       0x16 Core/Src/main.o
 .debug_macro   0x00000000000170fd      0x145 Core/Src/main.o
 .debug_macro   0x0000000000017242      0x1c6 Core/Src/stm32f1xx_hal_msp.o
 .debug_macro   0x0000000000017408      0x1d0 Core/Src/stm32f1xx_it.o
 .debug_macro   0x00000000000175d8      0x1bd Core/Src/system_stm32f1xx.o
 .debug_macro   0x0000000000017795      0x1d0 Core/Src/tim.o
 .debug_macro   0x0000000000017965      0x1d0 Core/Src/usart.o
 .debug_macro   0x0000000000017b35      0x1db Drivers/STM32F1xx_HAL_Driver/Src/stm32f1xx_hal.o
 .debug_macro   0x0000000000017d10      0x1d4 Drivers/STM32F1xx_HAL_Driver/Src/stm32f1xx_hal_adc.o
 .debug_macro   0x0000000000017ee4      0x1b7 Drivers/STM32F1xx_HAL_Driver/Src/stm32f1xx_hal_cortex.o
 .debug_macro   0x000000000001809b      0x1b7 Drivers/STM32F1xx_HAL_Driver/Src/stm32f1xx_hal_dma.o
 .debug_macro   0x0000000000018252      0x222 Drivers/STM32F1xx_HAL_Driver/Src/stm32f1xx_hal_gpio.o
 .debug_macro   0x0000000000018474      0x217 Drivers/STM32F1xx_HAL_Driver/Src/stm32f1xx_hal_pwr.o
 .debug_macro   0x000000000001868b      0x1c9 Drivers/STM32F1xx_HAL_Driver/Src/stm32f1xx_hal_rcc.o
 .debug_macro   0x0000000000018854      0x1b7 Drivers/STM32F1xx_HAL_Driver/Src/stm32f1xx_hal_rcc_ex.o
 .debug_macro   0x0000000000018a0b      0x1b8 Drivers/STM32F1xx_HAL_Driver/Src/stm32f1xx_hal_tim.o
 .debug_macro   0x0000000000018bc3      0x1b7 Drivers/STM32F1xx_HAL_Driver/Src/stm32f1xx_hal_tim_ex.o
 .debug_macro   0x0000000000018d7a      0x1b8 Drivers/STM32F1xx_HAL_Driver/Src/stm32f1xx_hal_uart.o

.debug_line     0x0000000000000000     0xd0d7
 .debug_line    0x0000000000000000      0x6f8 Core/Src/adc.o
 .debug_line    0x00000000000006f8      0x6a3 Core/Src/dma.o
 .debug_line    0x0000000000000d9b      0x6cc Core/Src/gpio.o
 .debug_line    0x0000000000001467      0xc8c Core/Src/main.o
 .debug_line    0x00000000000020f3      0x6a9 Core/Src/stm32f1xx_hal_msp.o
 .debug_line    0x000000000000279c      0x6fc Core/Src/stm32f1xx_it.o
 .debug_line    0x0000000000002e98      0x6d9 Core/Src/system_stm32f1xx.o
 .debug_line    0x0000000000003571      0x798 Core/Src/tim.o
 .debug_line    0x0000000000003d09      0x6e1 Core/Src/usart.o
 .debug_line    0x00000000000043ea       0x84 Core/Startup/startup_stm32f103rbtx.o
 .debug_line    0x000000000000446e      0x883 Drivers/STM32F1xx_HAL_Driver/Src/stm32f1xx_hal.o
 .debug_line    0x0000000000004cf1      0xbd4 Drivers/STM32F1xx_HAL_Driver/Src/stm32f1xx_hal_adc.o
 .debug_line    0x00000000000058c5      0x95a Drivers/STM32F1xx_HAL_Driver/Src/stm32f1xx_hal_cortex.o
 .debug_line    0x000000000000621f      0xae8 Drivers/STM32F1xx_HAL_Driver/Src/stm32f1xx_hal_dma.o
 .debug_line    0x0000000000006d07      0x87f Drivers/STM32F1xx_HAL_Driver/Src/stm32f1xx_hal_gpio.o
 .debug_line    0x0000000000007586      0x826 Drivers/STM32F1xx_HAL_Driver/Src/stm32f1xx_hal_pwr.o
 .debug_line    0x0000000000007dac      0x943 Drivers/STM32F1xx_HAL_Driver/Src/stm32f1xx_hal_rcc.o
 .debug_line    0x00000000000086ef      0x761 Drivers/STM32F1xx_HAL_Driver/Src/stm32f1xx_hal_rcc_ex.o
 .debug_line    0x0000000000008e50     0x1fdc Drivers/STM32F1xx_HAL_Driver/Src/stm32f1xx_hal_tim.o
 .debug_line    0x000000000000ae2c     0x12ea Drivers/STM32F1xx_HAL_Driver/Src/stm32f1xx_hal_tim_ex.o
 .debug_line    0x000000000000c116      0xfc1 Drivers/STM32F1xx_HAL_Driver/Src/stm32f1xx_hal_uart.o

.debug_str      0x0000000000000000    0x8fc4b
 .debug_str     0x0000000000000000    0x87d31 Core/Src/adc.o
                                      0x880e8 (size before relaxing)
 .debug_str     0x0000000000087d31      0x27e Core/Src/dma.o
                                      0x87fc6 (size before relaxing)
 .debug_str     0x0000000000087faf       0x2c Core/Src/gpio.o
                                      0x87d6c (size before relaxing)
 .debug_str     0x0000000000087fdb     0x4af7 Core/Src/main.o
                                      0x8cef1 (size before relaxing)
 .debug_str     0x000000000008cad2       0x5a Core/Src/stm32f1xx_hal_msp.o
                                      0x87d22 (size before relaxing)
 .debug_str     0x000000000008cb2c       0x8d Core/Src/stm32f1xx_it.o
                                      0x8839e (size before relaxing)
 .debug_str     0x000000000008cbb9       0xc2 Core/Src/system_stm32f1xx.o
                                      0x87925 (size before relaxing)
 .debug_str     0x000000000008cc7b      0x25c Core/Src/tim.o
                                      0x88789 (size before relaxing)
 .debug_str     0x000000000008ced7       0x57 Core/Src/usart.o
                                      0x8843a (size before relaxing)
 .debug_str     0x000000000008cf2e       0x36 Core/Startup/startup_stm32f103rbtx.o
                                         0x61 (size before relaxing)
 .debug_str     0x000000000008cf64      0x304 Drivers/STM32F1xx_HAL_Driver/Src/stm32f1xx_hal.o
                                      0x87f3c (size before relaxing)
 .debug_str     0x000000000008d268      0x33e Drivers/STM32F1xx_HAL_Driver/Src/stm32f1xx_hal_adc.o
                                      0x87f3b (size before relaxing)
 .debug_str     0x000000000008d5a6      0x2ac Drivers/STM32F1xx_HAL_Driver/Src/stm32f1xx_hal_cortex.o
                                      0x87f44 (size before relaxing)
 .debug_str     0x000000000008d852      0x235 Drivers/STM32F1xx_HAL_Driver/Src/stm32f1xx_hal_dma.o
                                      0x87c86 (size before relaxing)
 .debug_str     0x000000000008da87      0x2f1 Drivers/STM32F1xx_HAL_Driver/Src/stm32f1xx_hal_gpio.o
                                      0x87c6f (size before relaxing)
 .debug_str     0x000000000008dd78      0x507 Drivers/STM32F1xx_HAL_Driver/Src/stm32f1xx_hal_pwr.o
                                      0x87e0e (size before relaxing)
 .debug_str     0x000000000008e27f      0x243 Drivers/STM32F1xx_HAL_Driver/Src/stm32f1xx_hal_rcc.o
                                      0x87ca8 (size before relaxing)
 .debug_str     0x000000000008e4c2       0xb9 Drivers/STM32F1xx_HAL_Driver/Src/stm32f1xx_hal_rcc_ex.o
                                      0x87a35 (size before relaxing)
 .debug_str     0x000000000008e57b      0xca4 Drivers/STM32F1xx_HAL_Driver/Src/stm32f1xx_hal_tim.o
                                      0x88c7a (size before relaxing)
 .debug_str     0x000000000008f21f      0x517 Drivers/STM32F1xx_HAL_Driver/Src/stm32f1xx_hal_tim_ex.o
                                      0x88454 (size before relaxing)
 .debug_str     0x000000000008f736      0x515 Drivers/STM32F1xx_HAL_Driver/Src/stm32f1xx_hal_uart.o
                                      0x881ae (size before relaxing)

.comment        0x0000000000000000       0x7b
 .comment       0x0000000000000000       0x7b Core/Src/adc.o
                                         0x7c (size before relaxing)
 .comment       0x000000000000007b       0x7c Core/Src/dma.o
 .comment       0x000000000000007b       0x7c Core/Src/gpio.o
 .comment       0x000000000000007b       0x7c Core/Src/main.o
 .comment       0x000000000000007b       0x7c Core/Src/stm32f1xx_hal_msp.o
 .comment       0x000000000000007b       0x7c Core/Src/stm32f1xx_it.o
 .comment       0x000000000000007b       0x7c Core/Src/system_stm32f1xx.o
 .comment       0x000000000000007b       0x7c Core/Src/tim.o
 .comment       0x000000000000007b       0x7c Core/Src/usart.o
 .comment       0x000000000000007b       0x7c Drivers/STM32F1xx_HAL_Driver/Src/stm32f1xx_hal.o
 .comment       0x000000000000007b       0x7c Drivers/STM32F1xx_HAL_Driver/Src/stm32f1xx_hal_adc.o
 .comment       0x000000000000007b       0x7c Drivers/STM32F1xx_HAL_Driver/Src/stm32f1xx_hal_cortex.o
 .comment       0x000000000000007b       0x7c Drivers/STM32F1xx_HAL_Driver/Src/stm32f1xx_hal_dma.o
 .comment       0x000000000000007b       0x7c Drivers/STM32F1xx_HAL_Driver/Src/stm32f1xx_hal_gpio.o
 .comment       0x000000000000007b       0x7c Drivers/STM32F1xx_HAL_Driver/Src/stm32f1xx_hal_pwr.o
 .comment       0x000000000000007b       0x7c Drivers/STM32F1xx_HAL_Driver/Src/stm32f1xx_hal_rcc.o
 .comment       0x000000000000007b       0x7c Drivers/STM32F1xx_HAL_Driver/Src/stm32f1xx_hal_rcc_ex.o
 .comment       0x000000000000007b       0x7c Drivers/STM32F1xx_HAL_Driver/Src/stm32f1xx_hal_tim.o
 .comment       0x000000000000007b       0x7c Drivers/STM32F1xx_HAL_Driver/Src/stm32f1xx_hal_tim_ex.o
 .comment       0x000000000000007b       0x7c Drivers/STM32F1xx_HAL_Driver/Src/stm32f1xx_hal_uart.o

.debug_frame    0x0000000000000000     0x39bc
 .debug_frame   0x0000000000000000       0x7c Core/Src/adc.o
 .debug_frame   0x000000000000007c       0x34 Core/Src/dma.o
 .debug_frame   0x00000000000000b0       0x34 Core/Src/gpio.o
 .debug_frame   0x00000000000000e4      0x1cc Core/Src/main.o
 .debug_frame   0x00000000000002b0       0x38 Core/Src/stm32f1xx_hal_msp.o
 .debug_frame   0x00000000000002e8       0x9c Core/Src/stm32f1xx_it.o
 .debug_frame   0x0000000000000384       0x58 Core/Src/system_stm32f1xx.o
 .debug_frame   0x00000000000003dc      0x130 Core/Src/tim.o
 .debug_frame   0x000000000000050c       0x74 Core/Src/usart.o
 .debug_frame   0x0000000000000580      0x334 Drivers/STM32F1xx_HAL_Driver/Src/stm32f1xx_hal.o
 .debug_frame   0x00000000000008b4      0x40c Drivers/STM32F1xx_HAL_Driver/Src/stm32f1xx_hal_adc.o
 .debug_frame   0x0000000000000cc0      0x428 Drivers/STM32F1xx_HAL_Driver/Src/stm32f1xx_hal_cortex.o
 .debug_frame   0x00000000000010e8      0x208 Drivers/STM32F1xx_HAL_Driver/Src/stm32f1xx_hal_dma.o
 .debug_frame   0x00000000000012f0      0x14c Drivers/STM32F1xx_HAL_Driver/Src/stm32f1xx_hal_gpio.o
 .debug_frame   0x000000000000143c      0x270 Drivers/STM32F1xx_HAL_Driver/Src/stm32f1xx_hal_pwr.o
 .debug_frame   0x00000000000016ac      0x21c Drivers/STM32F1xx_HAL_Driver/Src/stm32f1xx_hal_rcc.o
 .debug_frame   0x00000000000018c8       0x84 Drivers/STM32F1xx_HAL_Driver/Src/stm32f1xx_hal_rcc_ex.o
 .debug_frame   0x000000000000194c     0x11b8 Drivers/STM32F1xx_HAL_Driver/Src/stm32f1xx_hal_tim.o
 .debug_frame   0x0000000000002b04      0x638 Drivers/STM32F1xx_HAL_Driver/Src/stm32f1xx_hal_tim_ex.o
 .debug_frame   0x000000000000313c      0x834 Drivers/STM32F1xx_HAL_Driver/Src/stm32f1xx_hal_uart.o
 .debug_frame   0x0000000000003970       0x2c c:/st/stm32cubeide_1.3.0/stm32cubeide/plugins/com.st.stm32cube.ide.mcu.externaltools.gnu-tools-for-stm32.7-2018-q2-update.win32_1.5.0.202011040924/tools/bin/../lib/gcc/arm-none-eabi/7.3.1/../../../../arm-none-eabi/lib/thumb/v7-m\libc_nano.a(lib_a-init.o)
 .debug_frame   0x000000000000399c       0x20 c:/st/stm32cubeide_1.3.0/stm32cubeide/plugins/com.st.stm32cube.ide.mcu.externaltools.gnu-tools-for-stm32.7-2018-q2-update.win32_1.5.0.202011040924/tools/bin/../lib/gcc/arm-none-eabi/7.3.1/../../../../arm-none-eabi/lib/thumb/v7-m\libc_nano.a(lib_a-memset.o)
