main.c:132:5:main	8	static
main.c:198:6:SystemClock_Config	88	static
main.c:242:13:MX_NVIC_Init	8	static
main.c:253:6:Gestion_Commandes	4	static
main.c:807:6:controle	8	static
main.c:818:6:ACS	4	static
main.c:912:6:Calcul_Vit	4	static
main.c:925:6:regulateur	24	static
main.c:1016:6:HAL_UART_RxCpltCallback	16	static
main.c:1057:6:HAL_ADC_ConvCpltCallback	16	static
main.c:1066:6:HAL_TIM_PeriodElapsedCallback	16	static
main.c:1103:6:HAL_GPIO_EXTI_Callback	16	static
main.c:1121:6:Error_Handler	4	static
